// Jest Snapshot v1, https://goo.gl/fbAQLP

exports[`Nav Component should render correctly 1`] = `ShallowWrapper {}`;
